Traceback (most recent call last):
  File "<frozen runpy>", line 189, in _run_module_as_main
  File "<frozen runpy>", line 148, in _get_module_details
  File "<frozen runpy>", line 112, in _get_module_details
  File "C:\Users\18236\AppData\Local\Programs\Python\Python313\Lib\site-packages\uvicorn\__init__.py", line 1, in <module>
    from uvicorn.config import Config
  File "C:\Users\18236\AppData\Local\Programs\Python\Python313\Lib\site-packages\uvicorn\config.py", line 3, in <module>
    import asyncio
  File "C:\Users\18236\AppData\Local\Programs\Python\Python313\Lib\asyncio\__init__.py", line 8, in <module>
    from .base_events import *
  File "C:\Users\18236\AppData\Local\Programs\Python\Python313\Lib\asyncio\base_events.py", line 18, in <module>
    import concurrent.futures
  File "C:\Users\18236\AppData\Local\Programs\Python\Python313\Lib\concurrent\futures\__init__.py", line 8, in <module>
    from concurrent.futures._base import (FIRST_COMPLETED,
    ...<9 lines>...
                                          as_completed)
  File "C:\Users\18236\AppData\Local\Programs\Python\Python313\Lib\concurrent\futures\_base.py", line 7, in <module>
    import logging
  File "I:\files\mc-panel-sanitized\v1.0.2\backend\logging.py", line 7, in <module>
    def get_logger(name: str) -> logging.Logger:
                                 ^^^^^^^^^^^^^^
AttributeError: module 'logging' has no attribute 'Logger' (consider renaming 'I:\files\mc-panel-sanitized\v1.0.2\backend\logging.py' since it has the same name as the standard library module named 'logging' and prevents importing that standard library module)
